Big\$obj
Big\$result
Big\$sum
Big\CONST_VAL
Big\Class1
Big\Class10
Big\Class2
Big\Class3
Big\Class4
Big\Class5
Big\Class6
Big\Class7
Big\Class8
Big\Class9
Big\func1
Big\func10
Big\func11
Big\func12
Big\func13
Big\func14
Big\func15
Big\func16
Big\func17
Big\func18
Big\func19
Big\func2
Big\func20
Big\func21
Big\func22
Big\func23
Big\func24
Big\func25
Big\func26
Big\func27
Big\func28
Big\func29
Big\func3
Big\func30
Big\func31
Big\func32
Big\func33
Big\func34
Big\func35
Big\func36
Big\func37
Big\func38
Big\func39
Big\func4
Big\func40
Big\func41
Big\func42
Big\func43
Big\func44
Big\func45
Big\func46
Big\func47
Big\func48
Big\func49
Big\func5
Big\func50
Big\func6
Big\func7
Big\func8
Big\func9
